╭───────┬────────────────┬─────────────────┬─────────────────┬─────────────────╮
│ Hello │ 你好           │ مرحبًا           │ 안녕하세요      │                 │
├───────┼────────────────┼─────────────────┼─────────────────┼─────────────────┤
│       │ 耐許ヱヨカハ調 │ شيء قد للحكومة  │ 版応道潟部中幕  │ 각급            │
│       │ 出あゆ監件び理 │ والكوري         │ 爆営報門案名見  │ 선거관리위원회  │
│       │ 別よン國給災レ │ الأوروبيّون,     │ 壌府。博健必権  │ 의              │
│       │ ホチ権輝モエフ │ بوابة تعديل     │ 次覧編仕断青場  │ 조직·직무범위   │
│       │ 会割もフ響3現  │ واعتلاء ضرب بـ. │ 内凄新東深簿代  │ 기타 필요한     │
│       │ エツ文時しだび │ إذ أسر اتّجة     │ 供供。守聞書神  │ 사항은 법률로   │
│       │ ほ経機ムイメフ │ اعلان, ٣٠       │ 秀同浜東波恋闘  │ 정한다.         │
│       │ 敗文ヨク現義な │ اكتوبر العصبة   │ 秀。未格打好作  │ 임시회의 회기는 │
│       │ さド請情ゆじょ │ استمرار ومن.    │ 器来利阪持西焦  │ 30일을 초과할   │
│       │ て憶主管州けで │ أفاق للسيطرة    │ 朝三女。権幽問  │ 수 없다. 국가는 │
│       │ ふく。排ゃわつ │ التاريخ، مع     │ 季負娘購合旧資  │ 여자의 복지와   │
│       │ げ美刊ヱミ出見 │ بحث, كلّ اتّجة    │ 健載員式活陸。  │ 권익의 향상을   │
│       │ ツ南者オ抜豆ハ │ القوى مع. فبعد  │ 未倍校朝遺続術  │ 위하여          │
│       │ トロネ論索モネ │ ايطاليا، تم     │ 吉迎暮広知角亡  │ 노력하여야      │
│       │ ニイ任償スヲ話 │ حتى, لكل تم     │ 志不説空住。法  │ 한다. 국군의    │
│       │ 破リヤヨ秒止口 │ جسيمة الإحتفاظ  │ 省当死年勝絡聞  │ 조직과 편성은   │
│       │ イセソス止央の │ وباستثناء, عل   │ 方北投健。室分  │ 법률로 정한다.  │
│       │ さ食周健でてつ │ فرنسا وانتهاءً   │ 性山天態意画詳  │                 │
│       │ だ官送ト読聴遊 │ الإقتصادية عرض. │ 知浅方裁。変激  │                 │
│       │ 容ひるべ。際ぐ │ ونتج دأبوا      │ 伝阜中野品省載  │                 │
│       │ ドらづ市居ネム │ إحكام بال إذ.   │ 嗅闘額端反。中  │                 │
│       │ ヤ研校35岩6繹  │ لغات عملية وتم  │ 必台際造事寄民  │                 │
│       │ ごわク報拐イ革 │ مع, وصل بداية   │ 経能前作臓      │                 │
│       │ 深52球ゃレスご │ وبغطاء البرية   │                 │                 │
│       │ 究東スラ衝3間  │ بل, أي قررت     │                 │                 │
│       │ ラ録占たス。   │ بلاده فكانت حدى │                 │                 │
│       │ 禁にンご忘康ざ │                 │                 │                 │
│       │ ほぎル騰般ねど │                 │                 │                 │
│       │ 事超スんいう真 │                 │                 │                 │
│       │ 表何カモ自浩ヲ │                 │                 │                 │
│       │ シミ図客線るふ │                 │                 │                 │
│       │ 静王ぱーま写村 │                 │                 │                 │
│       │ 月掛焼詐面ぞゃ │                 │                 │                 │
│       │ 。昇強ごントほ │                 │                 │                 │
│       │ 価保キ族85岡モ │                 │                 │                 │
│       │ テ恋困ひりこな │                 │                 │                 │
│       │ 刊並せご出来ぼ │                 │                 │                 │
│       │ ぎむう点目ヲウ │                 │                 │                 │
│       │ 止環公ニレ事応 │                 │                 │                 │
│       │ タス必書タメム │                 │                 │                 │
│       │ ノ当84無信升ち │                 │                 │                 │
│       │ ひょ。価ーぐ中 │                 │                 │                 │
│       │ 客テサ告覧ヨト │                 │                 │                 │
│       │ ハ極整ラ得95稿 │                 │                 │                 │
│       │ はかラせ江利ス │                 │                 │                 │
│       │ 宏丸霊ミ考整ス │                 │                 │                 │
│       │ 静将ず業巨職ノ │                 │                 │                 │
│       │ ラホ収嗅ざな。 │                 │                 │                 │
╰───────┴────────────────┴─────────────────┴─────────────────┴─────────────────╯