╭───────┬────────────────────────────────────────────────┬────┬────────┬───────╮
│ Name  │                  Description                   │Type│Required│Default│
├───────┼────────────────────────────────────────────────┼────┼────────┼───────┤
│command│A command to be executed inside the container t…│yes │hello   │yep    │
╰───────┴────────────────────────────────────────────────┴────┴────────┴───────╯