╭─────────┬────────────────────────────────────────┬──────┬──────────┬─────────╮
│  Name   │              Description               │ Type │ Required │ Default │
├─────────┼────────────────────────────────────────┼──────┼──────────┼─────────┤
│ command │ A command to be executed inside the c… │ yes  │ hello    │ yep     │
╰─────────┴────────────────────────────────────────┴──────┴──────────┴─────────╯