╭───────────┬───────────────────────────────────────┬───────┬─────────┬────────╮
│   Name    │              Description              │  Ty…  │  Requ…  │  Def…  │
├───────────┼───────────────────────────────────────┼───────┼─────────┼────────┤
│  command  │  A command to be executed inside th…  │  yes  │  hello  │  yep   │
╰───────────┴───────────────────────────────────────┴───────┴─────────┴────────╯