╭──────────────┬───────────────┬───────────────┬───────────────┬───────────────╮
│    Hello     │     你好      │     مرحبًا     │  안녕하세요   │               │
├──────────────┼───────────────┼───────────────┼───────────────┼───────────────┤
│ Lorem ipsum  │ 耐許ヱヨカハ  │ شيء قد        │ 版応道潟部中  │ 각급          │
│ dolor sit    │ 調出あゆ監件  │ للحكومة       │ 幕爆営報門案  │ 선거관리위원  │
│ amet,        │ び理別よン國  │ والكوري       │ 名見壌府。博  │ 회의          │
│ regione      │ 給災レホチ権  │ الأوروبيّون,   │ 健必権次覧編  │ 조직·직무범위 │
│ detracto eos │ 輝モエフ会割  │ بوابة تعديل   │ 仕断青場内凄  │ 기타 필요한   │
│ an. Has ei   │ もフ響3現エツ │ واعتلاء ضرب   │ 新東深簿代供  │ 사항은 법률로 │
│ quidam       │ 文時しだびほ  │ بـ. إذ أسر    │ 供。守聞書神  │ 정한다.       │
│ hendrerit    │ 経機ムイメフ  │ اتّجة اعلان,   │ 秀同浜東波恋  │ 임시회의      │
│ intellegebat │ 敗文ヨク現義  │ ٣٠ اكتوبر     │ 闘秀。未格打  │ 회기는 30일을 │
│ , id tamquam │ なさド請情ゆ  │ العصبة        │ 好作器来利阪  │ 초과할 수     │
│ iudicabit    │ じょて憶主管  │ استمرار ومن.  │ 持西焦朝三女  │ 없다. 국가는  │
│ necessitatib │ 州けでふく。  │ أفاق للسيطرة  │ 。権幽問季負  │ 여자의 복지와 │
│ us ius, at   │ 排ゃわつげ美  │ التاريخ، مع   │ 娘購合旧資健  │ 권익의 향상을 │
│ errem        │ 刊ヱミ出見ツ  │ بحث, كلّ اتّجة  │ 載員式活陸。  │ 위하여        │
│ officiis     │ 南者オ抜豆ハ  │ القوى مع.     │ 未倍校朝遺続  │ 노력하여야    │
│ hendrerit    │ トロネ論索モ  │ فبعد ايطاليا، │ 術吉迎暮広知  │ 한다. 국군의  │
│ mei. Exerci  │ ネニイ任償ス  │ تم حتى, لكل   │ 角亡志不説空  │ 조직과 편성은 │
│ noster at    │ ヲ話破リヤヨ  │ تم جسيمة      │ 住。法省当死  │ 법률로        │
│ has, sit id  │ 秒止口イセソ  │ الإحتفاظ      │ 年勝絡聞方北  │ 정한다.       │
│ tota         │ ス止央のさ食  │ وباستثناء, عل │ 投健。室分性  │               │
│ convenire,   │ 周健でてつだ  │ فرنسا وانتهاءً │ 山天態意画詳  │               │
│ vel ex rebum │ 官送ト読聴遊  │ الإقتصادية    │ 知浅方裁。変  │               │
│ inciderint   │ 容ひるべ。際  │ عرض. ونتج     │ 激伝阜中野品  │               │
│ liberavisse. │ ぐドらづ市居  │ دأبوا إحكام   │ 省載嗅闘額端  │               │
│ Quaeque      │ ネムヤ研校35  │ بال إذ. لغات  │ 反。中必台際  │               │
│ delectus     │ 岩6繹ごわク報 │ عملية وتم مع, │ 造事寄民経能  │               │
│ corrumpit cu │ 拐イ革深52球  │ وصل بداية     │ 前作臓        │               │
│ cum.         │ ゃレスご究東  │ وبغطاء البرية │               │               │
│              │ スラ衝3間ラ録 │ بل, أي قررت   │               │               │
│              │ 占たス。      │ بلاده فكانت   │               │               │
│              │ 禁にンご忘康  │ حدى           │               │               │
│              │ ざほぎル騰般  │               │               │               │
│              │ ねど事超スん  │               │               │               │
│              │ いう真表何カ  │               │               │               │
│              │ モ自浩ヲシミ  │               │               │               │
│              │ 図客線るふ静  │               │               │               │
│              │ 王ぱーま写村  │               │               │               │
│              │ 月掛焼詐面ぞ  │               │               │               │
│              │ ゃ。昇強ごン  │               │               │               │
│              │ トほ価保キ族8 │               │               │               │
│              │ 5岡モテ恋困ひ │               │               │               │
│              │ りこな刊並せ  │               │               │               │
│              │ ご出来ぼぎむ  │               │               │               │
│              │ う点目ヲウ止  │               │               │               │
│              │ 環公ニレ事応  │               │               │               │
│              │ タス必書タメ  │               │               │               │
│              │ ムノ当84無信  │               │               │               │
│              │ 升ちひょ。価  │               │               │               │
│              │ ーぐ中客テサ  │               │               │               │
│              │ 告覧ヨトハ極  │               │               │               │
│              │ 整ラ得95稿は  │               │               │               │
│              │ かラせ江利ス  │               │               │               │
│              │ 宏丸霊ミ考整  │               │               │               │
│              │ ス静将ず業巨  │               │               │               │
│              │ 職ノラホ収嗅  │               │               │               │
│              │ ざな。        │               │               │               │
╰──────────────┴───────────────┴───────────────┴───────────────┴───────────────╯