├── 1. A
│   2. B
│   3. C
└── A. 1
    B. 2
    C. 3