Root
├── Foo
├── Bar
│   ├── Qux
│   └── Quuux
└── Baz