├── Bar
│   ├── Qux
│   ├── Quux
│   │   └── Bar
│   └── Quuux
└── Baz