├── Foo
├── Bar
│   ├── Baz
│   ├── Baz
│   ├── ╭─────────┬────────╮
│   │   │ Foo     │ Bar    │
│   │   ├─────────┼────────┤
│   │   │ Qux     │ Baz    │
│   │   │ Qux     │ Baz    │
│   │   ╰─────────┴────────╯
│   └── Baz
└── Qux