├── Foo
├── Bar
├── Baz
│      Foo Document 
│      The Foo Files
│                   
│   │  Bar Document 
│   │  The Bar Files
│                   
│      Baz Document 
│      The Baz Files
│                   
└── Qux