The Root Nodeâ„¢
  I Foo
 II Foo
III Foo
 IV Foo
  V Foo