├── Bar
├── Foo
│   ├── Qux
│   ├── Qux
│   ├── Qux
│   ├── Qux
│   ├── Qux
│   ├── Quux
│   ├── Quux
│   ├── Quux
│   ├── Quux
│   └── Quux
└── Baz