├── 0
├── true
├── Foo
├── Bar
├── Qux
├── Quux
└── Quuux