[94m->[0m [91mFoo[0m
[94m->[0m [91mBar[0m
[94m->[0m [94m->[0m [91mQux[0m
[94m->[0m [94m->[0m [91mQuux[0m
[94m->[0m [94m->[0m [94m->[0m [91mFoo[0m
[94m->[0m [94m->[0m [94m->[0m [91mBar[0m
[94m->[0m [94m->[0m [91mQuuux[0m
[94m->[0m [91mBaz[0m