Big
Root
Node
├── Foo
├── Bar
│   ├── Line 1
│   │   Line 2
│   │   Line 3
│   │   Line 4
│   ├── Quux
│   │   ├── Foo
│   │   └── Bar
│   └── Quuux
└── Baz   
    Line 2