The Root Node™
├── Parent
│   + ├── * child 1
│   + └── * child 2
└── Baz