┌──────────┬──────────────┬───────────┐
│ LANGUAGE │    FORMAL    │ INFORMAL  │
├──────────┼──────────────┼───────────┤
│ Chinese  │ Nǐn hǎo      │ Nǐ hǎo    │
│ Japanese │ こんにちは   │ やあ      │
│ Russian  │ Zdravstvuyte │ Privet    │
│ Spanish  │ Hola         │ ¿Qué tal? │
└──────────┴──────────────┴───────────┘