┌──┬───────┬───────┐
│ID│title  │descri…│
├──┼───────┼───────┤
│1 │Lost i…│A thri…│
│… │…      │…      │
└──┴───────┴───────┘
