╭──────────────┬───────────────┬───────────────┬───────────────┬───────────────╮
│    Hello     │     你好      │     مرحبًا     │  안녕하세요   │               │
├──────────────┼───────────────┼───────────────┼───────────────┼───────────────┤
│ Lorem ipsum… │ 耐許ヱヨカハ… │ شيء قد للحكو… │ 각급 선거관…  │ 版応道潟部中… │
│ …            │ …             │ …             │ …             │ …             │
╰──────────────┴───────────────┴───────────────┴───────────────┴───────────────╯