┌──────┬─────┬──────────┐
│ Name │ Ag… │ Location │
├──────┼─────┼──────────┤
│ Kini │ 40  │ New York │
│ Eli  │ 30  │ London   │
│ Iris │ 20  │ Paris    │
└──────┴─────┴──────────┘