╭───────┬───┬───────────╮
│Name   │Age│City       │
├───────┼───┼───────────┤
│Alice  │25 │New York   │
│Bob    │30 │Los Angeles│
│Charlie│35 │Chicago    │
├───────┼───┼───────────┤
│Total  │3  │3 cities   │
╰───────┴───┴───────────╯