[38;2;0;255;178;48;2;255;96;255m┌────────┬────────────┬─────────┐[m
[38;2;0;255;178;48;2;255;96;255m│LANGUAGE│FORMAL      │INFORMAL │[m
[38;2;0;255;178;48;2;255;96;255m├────────┼────────────┼─────────┤[m
[38;2;0;255;178;48;2;255;96;255m│[97mChinese[38;2;0;255;178;48;2;255;96;255m │[97mNǐn hǎo[38;2;0;255;178;48;2;255;96;255m     │[97mNǐ hǎo[38;2;0;255;178;48;2;255;96;255m   │[m
[38;2;0;255;178;48;2;255;96;255m│French  │Bonjour     │Salut    │[m
[38;2;0;255;178;48;2;255;96;255m│[97mJapanese[38;2;0;255;178;48;2;255;96;255m│[97mこんにちは[38;2;0;255;178;48;2;255;96;255m  │[97mやあ[38;2;0;255;178;48;2;255;96;255m     │[m
[38;2;0;255;178;48;2;255;96;255m│Russian │Zdravstvuyte│Privet   │[m
[38;2;0;255;178;48;2;255;96;255m│[97mSpanish[38;2;0;255;178;48;2;255;96;255m │[97mHola[38;2;0;255;178;48;2;255;96;255m        │[97m¿Qué tal?[38;2;0;255;178;48;2;255;96;255m│[m
[38;2;0;255;178;48;2;255;96;255m└────────┴────────────┴─────────┘[m