[97;48;5;18m┌[m[97;48;5;18m────────[m[97;48;5;18m┬[m[97;48;5;18m────────────[m[97;48;5;18m┬[m[97;48;5;18m─────────[m[97;48;5;18m┐[m
[97;48;5;18m│[m[97;48;5;18mLANGUAGE[m[97;48;5;18m│[m[97;48;5;18mFORMAL[m[48;5;18m      [m[97;48;5;18m│[m[97;48;5;18mINFORMAL[m[48;5;18m [m[97;48;5;18m│[m
[97;48;5;18m├[m[97;48;5;18m────────[m[97;48;5;18m┼[m[97;48;5;18m────────────[m[97;48;5;18m┼[m[97;48;5;18m─────────[m[97;48;5;18m┤[m
[97;48;5;18m│[m[97;48;5;18mChinese[m[48;5;18m [m[97;48;5;18m│[m[97;48;5;18mNǐn hǎo[m[48;5;18m     [m[97;48;5;18m│[m[97;48;5;18mNǐ hǎo[m[48;5;18m   [m[97;48;5;18m│[m
[97;48;5;18m│[m[97;48;5;18mFrench[m[48;5;18m  [m[97;48;5;18m│[m[97;48;5;18mBonjour[m[48;5;18m     [m[97;48;5;18m│[m[97;48;5;18mSalut[m[48;5;18m    [m[97;48;5;18m│[m
[97;48;5;18m│[m[97;48;5;18mJapanese[m[97;48;5;18m│[m[97;48;5;18mこんにちは[m[48;5;18m  [m[97;48;5;18m│[m[97;48;5;18mやあ[m[48;5;18m     [m[97;48;5;18m│[m
[97;48;5;18m│[m[97;48;5;18mRussian[m[48;5;18m [m[97;48;5;18m│[m[97;48;5;18mZdravstvuyte[m[97;48;5;18m│[m[97;48;5;18mPrivet[m[48;5;18m   [m[97;48;5;18m│[m
[97;48;5;18m│[m[97;48;5;18mSpanish[m[48;5;18m [m[97;48;5;18m│[m[97;48;5;18mHola[m[48;5;18m        [m[97;48;5;18m│[m[97;48;5;18m¿Qué tal?[m[97;48;5;18m│[m
[97;48;5;18m└[m[97;48;5;18m────────[m[97;48;5;18m┴[m[97;48;5;18m────────────[m[97;48;5;18m┴[m[97;48;5;18m─────────[m[97;48;5;18m┘[m