┌──────────┬─────────┬──────────┐
│ LANGUAGE │ FORMAL  │ INFORMAL │
├──────────┼─────────┼──────────┤
│ French   │ Bonjour │ Salut    │
└──────────┴─────────┴──────────┘