┌────────┬─────────┬─────────┐
│ LANGU… │ FORMAL  │ INFORM… │
├────────┼─────────┼─────────┤
│ Chines │ Nǐn hǎo │ Nǐ hǎo  │
│ e      │         │         │
│ French │ Bonjour │ Salut   │
│ Japane │ こんに  │ やあ    │
│ se     │ ちは    │         │
│ Russia │ Zdravst │ Privet  │
│ n      │ vuyte   │         │
│ Spanis │ Hola    │ ¿Qué    │
│ h      │         │ tal?    │
└────────┴─────────┴─────────┘