╭─────────┬────────────────┬────────────────────────────────┬─────────────┬────╮
│Package  │Version         │Link                            │             │    │
├─────────┼────────────────┼────────────────────────────────┼─────────────┼────┤
│sourcegit│0.19            │[38;2;48;187;113mhttps://aur.archlinux.org/packag[m│             │    │
│         │                │[38;2;48;187;113mes/sourcegit-bin[0m                │             │    │
│         │                │                                │             │    │
│Welcome  │いらっしゃいませ│مرحباً                           │환영         │欢迎│
│Goodbye  │さようなら      │مع السلامة                      │안녕히 가세요│再见│
╰─────────┴────────────────┴────────────────────────────────┴─────────────┴────╯