┌──────────┬──────────────┬───────────┐
│ LANGUAGE │    FORMAL    │ INFORMAL  │
├──────────┼──────────────┼───────────┤
│ French   │ Bonjour      │ Salut     │
│ Japanese │ こんにちは   │ やあ      │
│ Russian  │ Zdravstvuyte │ Privet    │
│ Spanish  │ Hola         │ ¿Qué tal? │
└──────────┴──────────────┴───────────┘