┏━━━━┳━━━━━┳━━━━━┓
┃ L… ┃ FO… ┃ IN… ┃
┣━━━━╋━━━━━╋━━━━━┫
┃ C… ┃ 您… ┃ 你… ┃
┃ J… ┃ こ… ┃ や… ┃
┃ A… ┃ أه… ┃ أه… ┃
┃ R… ┃ Зд… ┃ Пр… ┃
┃ S… ┃ Ho… ┃ ¿Q… ┃
┃ E… ┃ Yo… ┃ Ho… ┃
┗━━━━┻━━━━━┻━━━━━┛