┌────────────┬────────────────┬─────────────┐
│  LANGUAGE  │     FORMAL     │  INFORMAL   │
├────────────┼────────────────┼─────────────┤
│            │                │             │
│ [48;2;135;75;252m          [0m │ [48;2;135;75;252m              [0m │ [48;2;135;75;252m           [0m │
│ [48;2;135;75;252m [0m[48;2;135;75;252m [0m[48;2;135;75;252mChinese[0m[48;2;135;75;252m [0m │ [48;2;135;75;252m     [0m[48;2;135;75;252m [0m[48;2;135;75;252mNǐn hǎo[0m[48;2;135;75;252m [0m │ [48;2;135;75;252m   [0m[48;2;135;75;252m [0m[48;2;135;75;252mNǐ hǎo[0m[48;2;135;75;252m [0m │
│ [48;2;135;75;252m          [0m │ [48;2;135;75;252m              [0m │ [48;2;135;75;252m           [0m │
│            │                │             │
│            │                │             │
│ [48;2;135;75;252m          [0m │ [48;2;135;75;252m              [0m │ [48;2;135;75;252m           [0m │
│ [48;2;135;75;252m  [0m[48;2;135;75;252m [0m[48;2;135;75;252mFrench[0m[48;2;135;75;252m [0m │ [48;2;135;75;252m     [0m[48;2;135;75;252m [0m[48;2;135;75;252mBonjour[0m[48;2;135;75;252m [0m │ [48;2;135;75;252m    [0m[48;2;135;75;252m [0m[48;2;135;75;252mSalut[0m[48;2;135;75;252m [0m │
│ [48;2;135;75;252m          [0m │ [48;2;135;75;252m              [0m │ [48;2;135;75;252m           [0m │
│            │                │             │
│            │                │             │
│ [48;2;135;75;252m          [0m │ [48;2;135;75;252m              [0m │ [48;2;135;75;252m           [0m │
│ [48;2;135;75;252m [0m[48;2;135;75;252mJapanese[0m[48;2;135;75;252m [0m │ [48;2;135;75;252m  [0m[48;2;135;75;252m [0m[48;2;135;75;252mこんにちは[0m[48;2;135;75;252m [0m │ [48;2;135;75;252m     [0m[48;2;135;75;252m [0m[48;2;135;75;252mやあ[0m[48;2;135;75;252m [0m │
│ [48;2;135;75;252m          [0m │ [48;2;135;75;252m              [0m │ [48;2;135;75;252m           [0m │
│            │                │             │
│            │                │             │
│ [48;2;135;75;252m          [0m │ [48;2;135;75;252m              [0m │ [48;2;135;75;252m           [0m │
│ [48;2;135;75;252m [0m[48;2;135;75;252m [0m[48;2;135;75;252mRussian[0m[48;2;135;75;252m [0m │ [48;2;135;75;252m [0m[48;2;135;75;252mZdravstvuyte[0m[48;2;135;75;252m [0m │ [48;2;135;75;252m   [0m[48;2;135;75;252m [0m[48;2;135;75;252mPrivet[0m[48;2;135;75;252m [0m │
│ [48;2;135;75;252m          [0m │ [48;2;135;75;252m              [0m │ [48;2;135;75;252m           [0m │
│            │                │             │
│            │                │             │
│ [48;2;135;75;252m          [0m │ [48;2;135;75;252m              [0m │ [48;2;135;75;252m           [0m │
│ [48;2;135;75;252m [0m[48;2;135;75;252m [0m[48;2;135;75;252mSpanish[0m[48;2;135;75;252m [0m │ [48;2;135;75;252m        [0m[48;2;135;75;252m [0m[48;2;135;75;252mHola[0m[48;2;135;75;252m [0m │ [48;2;135;75;252m [0m[48;2;135;75;252m¿Qué tal?[0m[48;2;135;75;252m [0m │
│ [48;2;135;75;252m          [0m │ [48;2;135;75;252m              [0m │ [48;2;135;75;252m           [0m │
│            │                │             │
└────────────┴────────────────┴─────────────┘