──────────────────────────────
 LANGUAGE   FORMAL   INFORMAL 
──────────────────────────────
 Chinese   Nǐn hǎo   Nǐ hǎo   
 French    Bonjour   Salut    
 Japanese  こんにち  やあ     
           は                 
 Russian   Zdravstv  Privet   
           uyte               
 Spanish   Hola      ¿Qué     
                     tal?     
──────────────────────────────