• Item1 
  line 2
  line 3
• Item2 
  line 2
  line 3
• 3