┌──────────┬──────────────┬───────────┐
│ LANGUAGE │    FORMAL    │ INFORMAL  │
├──────────┼──────────────┼───────────┤
│ Chinese  │ Nǐn hǎo      │ Nǐ hǎo    │
│ French   │ Bonjour      │ Salut     │
│ …        │ …            │ …         │
└──────────┴──────────────┴───────────┘